invoke: 
port: 41861
dir: /tmp/itw-down

invoke ---
invoke: 
port: 41861
dir: /tmp/itw-down

invoke ---
run: 
java.net.SocketException: Socket closed
	at java.base/sun.nio.ch.NioSocketImpl.endAccept(NioSocketImpl.java:694)
	at java.base/sun.nio.ch.NioSocketImpl.accept(NioSocketImpl.java:767)
	at java.base/java.net.ServerSocket.implAccept(ServerSocket.java:675)
	at java.base/java.net.ServerSocket.platformImplAccept(ServerSocket.java:641)
	at java.base/java.net.ServerSocket.implAccept(ServerSocket.java:617)
	at java.base/java.net.ServerSocket.implAccept(ServerSocket.java:574)
	at java.base/java.net.ServerSocket.accept(ServerSocket.java:532)
	at net.sourceforge.jnlp.ServerLauncher.run(ServerLauncher.java:168)
	at java.base/java.lang.Thread.run(Thread.java:840)

run ---
invoke: 
port: 42763
dir: /tmp

invoke ---
invoke: 
port: 35817
dir: /tmp/itw-down

invoke ---
invoke: 
port: 42585
dir: /tmp

invoke ---
invoke: 
java.io.IOException: http://127.0.0.1:4201/jnlp/favicon.ico
	at net.sourceforge.jnlp.cache.ResourceDownloaderTest.faviconDownloadFailureIsTraceOnlyWhenDebugEnabled(ResourceDownloaderTest.java:577)
	at java.base/jdk.internal.reflect.NativeMethodAccessorImpl.invoke0(Native Method)
	at java.base/jdk.internal.reflect.NativeMethodAccessorImpl.invoke(NativeMethodAccessorImpl.java:77)
	at java.base/jdk.internal.reflect.DelegatingMethodAccessorImpl.invoke(DelegatingMethodAccessorImpl.java:43)
	at java.base/java.lang.reflect.Method.invoke(Method.java:569)
	at org.junit.runners.model.FrameworkMethod$1.runReflectiveCall(FrameworkMethod.java:59)
	at org.junit.internal.runners.model.ReflectiveCallable.run(ReflectiveCallable.java:12)
	at org.junit.runners.model.FrameworkMethod.invokeExplosively(FrameworkMethod.java:56)
	at org.junit.internal.runners.statements.InvokeMethod.evaluate(InvokeMethod.java:17)
	at org.junit.runners.ParentRunner$3.evaluate(ParentRunner.java:306)
	at org.junit.runners.BlockJUnit4ClassRunner$1.evaluate(BlockJUnit4ClassRunner.java:100)
	at org.junit.runners.ParentRunner.runLeaf(ParentRunner.java:366)
	at org.junit.runners.BlockJUnit4ClassRunner.runChild(BlockJUnit4ClassRunner.java:103)
	at org.junit.runners.BlockJUnit4ClassRunner.runChild(BlockJUnit4ClassRunner.java:63)
	at org.junit.runners.ParentRunner$4.run(ParentRunner.java:331)
	at org.junit.runners.ParentRunner$1.schedule(ParentRunner.java:79)
	at org.junit.runners.ParentRunner.runChildren(ParentRunner.java:329)
	at org.junit.runners.ParentRunner.access$100(ParentRunner.java:66)
	at org.junit.runners.ParentRunner$2.evaluate(ParentRunner.java:293)
	at org.junit.internal.runners.statements.RunBefores.evaluate(RunBefores.java:26)
	at org.junit.internal.runners.statements.RunAfters.evaluate(RunAfters.java:27)
	at org.junit.runners.ParentRunner$3.evaluate(ParentRunner.java:306)
	at org.junit.runners.ParentRunner.run(ParentRunner.java:413)
	at org.junit.runner.JUnitCore.run(JUnitCore.java:137)
	at org.junit.runner.JUnitCore.run(JUnitCore.java:115)
	at org.junit.vintage.engine.execution.RunnerExecutor.execute(RunnerExecutor.java:42)
	at org.junit.vintage.engine.VintageTestEngine.executeAllChildren(VintageTestEngine.java:80)
	at org.junit.vintage.engine.VintageTestEngine.execute(VintageTestEngine.java:72)
	at org.junit.platform.launcher.core.EngineExecutionOrchestrator.execute(EngineExecutionOrchestrator.java:198)
	at org.junit.platform.launcher.core.EngineExecutionOrchestrator.execute(EngineExecutionOrchestrator.java:169)
	at org.junit.platform.launcher.core.EngineExecutionOrchestrator.execute(EngineExecutionOrchestrator.java:93)
	at org.junit.platform.launcher.core.EngineExecutionOrchestrator.lambda$execute$0(EngineExecutionOrchestrator.java:58)
	at org.junit.platform.launcher.core.EngineExecutionOrchestrator.withInterceptedStreams(EngineExecutionOrchestrator.java:141)
	at org.junit.platform.launcher.core.EngineExecutionOrchestrator.execute(EngineExecutionOrchestrator.java:57)
	at org.junit.platform.launcher.core.DefaultLauncher.execute(DefaultLauncher.java:103)
	at org.junit.platform.launcher.core.DefaultLauncher.execute(DefaultLauncher.java:85)
	at org.junit.platform.launcher.core.DelegatingLauncher.execute(DelegatingLauncher.java:47)
	at org.apache.maven.surefire.junitplatform.LazyLauncher.execute(LazyLauncher.java:56)
	at org.apache.maven.surefire.junitplatform.JUnitPlatformProvider.execute(JUnitPlatformProvider.java:184)
	at org.apache.maven.surefire.junitplatform.JUnitPlatformProvider.invokeAllTests(JUnitPlatformProvider.java:148)
	at org.apache.maven.surefire.junitplatform.JUnitPlatformProvider.invoke(JUnitPlatformProvider.java:122)
	at org.apache.maven.surefire.booter.ForkedBooter.runSuitesInProcess(ForkedBooter.java:385)
	at org.apache.maven.surefire.booter.ForkedBooter.execute(ForkedBooter.java:162)
	at org.apache.maven.surefire.booter.ForkedBooter.run(ForkedBooter.java:507)
	at org.apache.maven.surefire.booter.ForkedBooter.main(ForkedBooter.java:495)


invoke ---
run: Getting- HEAD: /itw-server9417313282024944971test-file
run: Serving- HEAD: ./itw-server9417313282024944971test-file
run: Received unknown request type Accept-Encoding:
run: Received unknown request type Host:
run: Received unknown request type Connection:
run: Received unknown request type User-Agent:
invoke: http://localhost:42585/itw-server9417313282024944971test-file
run: Getting- HEAD: /itw-server9417313282024944971test-file-2.0?version-id=1.0
run: Serving- HEAD: ./itw-server9417313282024944971test-file-2.0
run: Received unknown request type Accept-Encoding:
run: Received unknown request type Host:
run: Received unknown request type Connection:
run: Received unknown request type User-Agent:
invoke: http://localhost:42585/itw-server9417313282024944971test-file-2.0?version-id=1.0
run: Received HEAD request but not supported
run: Received unknown request type Accept-Encoding:
run: Received unknown request type Host:
run: Received unknown request type Connection:
run: Received unknown request type User-Agent:
run: Received HEAD request but not supported
run: Received unknown request type Accept-Encoding:
run: Received unknown request type Host:
run: Received unknown request type Connection:
run: Received unknown request type User-Agent:
run: Getting- GET: /itw-server8150345791584570658test-file
run: Serving- GET: ./itw-server8150345791584570658test-file
run: Received unknown request type Accept-Encoding:
run: Received unknown request type Host:
run: Received unknown request type Connection:
run: Received unknown request type User-Agent:
invoke: http://localhost:42763/itw-server8150345791584570658test-file
run: Received HEAD request but not supported
run: Received unknown request type Accept-Encoding:
run: Received unknown request type Host:
run: Received unknown request type Connection:
run: Received unknown request type User-Agent:
run: Received HEAD request but not supported
run: Received unknown request type Accept-Encoding:
run: Received unknown request type Host:
run: Received unknown request type Connection:
run: Received unknown request type User-Agent:
run: Getting- GET: /itw-server8150345791584570658test-file-2.0?version-id=1.0
run: Serving- GET: ./itw-server8150345791584570658test-file-2.0
run: Received unknown request type Accept-Encoding:
run: Received unknown request type Host:
run: Received unknown request type Connection:
run: Received unknown request type User-Agent:
invoke: http://localhost:42763/itw-server8150345791584570658test-file-2.0?version-id=1.0
run: Getting- HEAD: /itw-server9417313282024944971test-file
run: Could not open file ./itw-server9417313282024944971test-file
run: Received unknown request type Accept-Encoding:
run: Received unknown request type Host:
run: Received unknown request type Connection:
run: Received unknown request type User-Agent:
run: Getting- HEAD: /itw-server9417313282024944971test-file
run: Could not open file ./itw-server9417313282024944971test-file
run: Received unknown request type Accept-Encoding:
run: Received unknown request type Host:
run: Received unknown request type Connection:
run: Received unknown request type User-Agent:
run: Getting- GET: /itw-server9417313282024944971test-file
run: Could not open file ./itw-server9417313282024944971test-file
run: Received unknown request type Accept-Encoding:
run: Received unknown request type Host:
run: Received unknown request type Connection:
run: Received unknown request type User-Agent:
run: Getting- GET: /itw-server9417313282024944971test-file
run: Could not open file ./itw-server9417313282024944971test-file
run: Received unknown request type Accept-Encoding:
run: Received unknown request type Host:
run: Received unknown request type Connection:
run: Received unknown request type User-Agent:
run: Getting- HEAD: /itw-server9417313282024944971test-file-2.0?version-id=1.0
run: Serving- HEAD: ./itw-server9417313282024944971test-file-2.0
run: Received unknown request type Accept-Encoding:
run: Received unknown request type Host:
run: Received unknown request type Connection:
run: Received unknown request type User-Agent:
invoke: http://localhost:42585/itw-server9417313282024944971test-file-2.0?version-id=1.0
run: Received HEAD request but not supported
run: Received unknown request type Accept-Encoding:
run: Received unknown request type Host:
run: Received unknown request type Connection:
run: Received unknown request type User-Agent:
run: Received HEAD request but not supported
run: Received unknown request type Accept-Encoding:
run: Received unknown request type Host:
run: Received unknown request type Connection:
run: Received unknown request type User-Agent:
run: Getting- GET: /itw-server8150345791584570658test-file
run: Serving- GET: ./itw-server8150345791584570658test-file
run: Received unknown request type Accept-Encoding:
run: Received unknown request type Host:
run: Received unknown request type Connection:
run: Received unknown request type User-Agent:
invoke: http://localhost:42763/itw-server8150345791584570658test-file
run: Received HEAD request but not supported
run: Received unknown request type Accept-Encoding:
run: Received unknown request type Host:
run: Received unknown request type Connection:
run: Received unknown request type User-Agent:
run: Received HEAD request but not supported
run: Received unknown request type Accept-Encoding:
run: Received unknown request type Host:
run: Received unknown request type Connection:
run: Received unknown request type User-Agent:
run: Getting- GET: /itw-server8150345791584570658test-file-2.0?version-id=1.0
run: Serving- GET: ./itw-server8150345791584570658test-file-2.0
run: Received unknown request type Accept-Encoding:
run: Received unknown request type Host:
run: Received unknown request type Connection:
run: Received unknown request type User-Agent:
invoke: http://localhost:42763/itw-server8150345791584570658test-file-2.0?version-id=1.0
run: Getting- HEAD: /itw-server9417313282024944971test-file
run: Could not open file ./itw-server9417313282024944971test-file
run: Received unknown request type Accept-Encoding:
run: Received unknown request type Host:
run: Received unknown request type Connection:
run: Received unknown request type User-Agent:
run: Getting- HEAD: /itw-server9417313282024944971test-file
run: Could not open file ./itw-server9417313282024944971test-file
run: Received unknown request type Accept-Encoding:
run: Received unknown request type Host:
run: Received unknown request type Connection:
run: Received unknown request type User-Agent:
run: Getting- GET: /itw-server9417313282024944971test-file
run: Could not open file ./itw-server9417313282024944971test-file
run: Received unknown request type Accept-Encoding:
run: Received unknown request type Host:
run: Received unknown request type Connection:
run: Received unknown request type User-Agent:
run: Getting- GET: /itw-server9417313282024944971test-file
run: Could not open file ./itw-server9417313282024944971test-file
run: Received unknown request type Accept-Encoding:
run: Received unknown request type Host:
run: Received unknown request type Connection:
run: Received unknown request type User-Agent:
run: Getting- HEAD: /itw-server9417313282024944971test-file-2.0?version-id=1.0
run: Could not open file ./itw-server9417313282024944971test-file-2.0
run: Received unknown request type Accept-Encoding:
run: Received unknown request type Host:
run: Received unknown request type Connection:
run: Received unknown request type User-Agent:
run: Getting- HEAD: /itw-server9417313282024944971test-file-2.0
run: Could not open file ./itw-server9417313282024944971test-file-2.0
run: Received unknown request type Accept-Encoding:
run: Received unknown request type Host:
run: Received unknown request type Connection:
run: Received unknown request type User-Agent:
run: Getting- GET: /itw-server9417313282024944971test-file-2.0?version-id=1.0
run: Could not open file ./itw-server9417313282024944971test-file-2.0
run: Received unknown request type Accept-Encoding:
run: Received unknown request type Host:
run: Received unknown request type Connection:
run: Received unknown request type User-Agent:
run: Getting- GET: /itw-server9417313282024944971test-file-2.0
run: Could not open file ./itw-server9417313282024944971test-file-2.0
run: Received unknown request type Accept-Encoding:
run: Received unknown request type Host:
run: Received unknown request type Connection:
run: Received unknown request type User-Agent:
run: Received HEAD request but not supported
run: Received unknown request type Accept-Encoding:
run: Received unknown request type Host:
run: Received unknown request type Connection:
run: Received unknown request type User-Agent:
run: Received HEAD request but not supported
run: Received unknown request type Accept-Encoding:
run: Received unknown request type Host:
run: Received unknown request type Connection:
run: Received unknown request type User-Agent:
run: Getting- GET: /itw-server8150345791584570658test-file
run: Serving- GET: ./itw-server8150345791584570658test-file
run: Received unknown request type Accept-Encoding:
run: Received unknown request type Host:
run: Received unknown request type Connection:
run: Received unknown request type User-Agent:
invoke: http://localhost:42763/itw-server8150345791584570658test-file
run: Received HEAD request but not supported
run: Received unknown request type Accept-Encoding:
run: Received unknown request type Host:
run: Received unknown request type Connection:
run: Received unknown request type User-Agent:
run: Received HEAD request but not supported
run: Received unknown request type Accept-Encoding:
run: Received unknown request type Host:
run: Received unknown request type Connection:
run: Received unknown request type User-Agent:
run: Getting- GET: /itw-server8150345791584570658test-file-2.0?version-id=1.0
run: Serving- GET: ./itw-server8150345791584570658test-file-2.0
run: Received unknown request type Accept-Encoding:
run: Received unknown request type Host:
run: Received unknown request type Connection:
run: Received unknown request type User-Agent:
invoke: http://localhost:42763/itw-server8150345791584570658test-file-2.0?version-id=1.0
run: Getting- HEAD: /itw-server9417313282024944971test-file
run: Could not open file ./itw-server9417313282024944971test-file
run: Received unknown request type Accept-Encoding:
run: Received unknown request type Host:
run: Received unknown request type Connection:
run: Received unknown request type User-Agent:
run: Getting- HEAD: /itw-server9417313282024944971test-file
run: Could not open file ./itw-server9417313282024944971test-file
run: Received unknown request type Accept-Encoding:
run: Received unknown request type Host:
run: Received unknown request type Connection:
run: Received unknown request type User-Agent:
run: Getting- GET: /itw-server9417313282024944971test-file
run: Could not open file ./itw-server9417313282024944971test-file
run: Received unknown request type Accept-Encoding:
run: Received unknown request type Host:
run: Received unknown request type Connection:
run: Received unknown request type User-Agent:
run: Getting- GET: /itw-server9417313282024944971test-file
run: Could not open file ./itw-server9417313282024944971test-file
run: Received unknown request type Accept-Encoding:
run: Received unknown request type Host:
run: Received unknown request type Connection:
run: Received unknown request type User-Agent:
run: Getting- HEAD: /itw-server9417313282024944971test-file-2.0?version-id=1.0
run: Could not open file ./itw-server9417313282024944971test-file-2.0
run: Received unknown request type Accept-Encoding:
run: Received unknown request type Host:
run: Received unknown request type Connection:
run: Received unknown request type User-Agent:
run: Getting- HEAD: /itw-server9417313282024944971test-file-2.0
run: Could not open file ./itw-server9417313282024944971test-file-2.0
run: Received unknown request type Accept-Encoding:
run: Received unknown request type Host:
run: Received unknown request type Connection:
run: Received unknown request type User-Agent:
run: Getting- GET: /itw-server9417313282024944971test-file-2.0?version-id=1.0
run: Could not open file ./itw-server9417313282024944971test-file-2.0
run: Received unknown request type Accept-Encoding:
run: Received unknown request type Host:
run: Received unknown request type Connection:
run: Received unknown request type User-Agent:
run: Getting- GET: /itw-server9417313282024944971test-file-2.0
run: Could not open file ./itw-server9417313282024944971test-file-2.0
run: Received unknown request type Accept-Encoding:
run: Received unknown request type Host:
run: Received unknown request type Connection:
run: Received unknown request type User-Agent:
run: Received HEAD request but not supported
run: Received unknown request type Accept-Encoding:
run: Received unknown request type Host:
run: Received unknown request type Connection:
run: Received unknown request type User-Agent:
run: Received HEAD request but not supported
run: Received unknown request type Accept-Encoding:
run: Received unknown request type Host:
run: Received unknown request type Connection:
run: Received unknown request type User-Agent:
run: Getting- GET: /itw-server8150345791584570658test-file
run: Serving- GET: ./itw-server8150345791584570658test-file
run: Received unknown request type Accept-Encoding:
run: Received unknown request type Host:
run: Received unknown request type Connection:
run: Received unknown request type User-Agent:
invoke: http://localhost:42763/itw-server8150345791584570658test-file
run: Received HEAD request but not supported
run: Received unknown request type Accept-Encoding:
run: Received unknown request type Host:
run: Received unknown request type Connection:
run: Received unknown request type User-Agent:
run: Received HEAD request but not supported
run: Received unknown request type Accept-Encoding:
run: Received unknown request type Host:
run: Received unknown request type Connection:
run: Received unknown request type User-Agent:
run: Getting- GET: /itw-server8150345791584570658test-file-2.0?version-id=1.0
run: Could not open file ./itw-server8150345791584570658test-file-2.0
run: Received unknown request type Accept-Encoding:
run: Received unknown request type Host:
run: Received unknown request type Connection:
run: Received unknown request type User-Agent:
run: Getting- GET: /itw-server8150345791584570658test-file-2.0
run: Could not open file ./itw-server8150345791584570658test-file-2.0
run: Received unknown request type Accept-Encoding:
run: Received unknown request type Host:
run: Received unknown request type Connection:
run: Received unknown request type User-Agent:
run: Getting- HEAD: /itw-server9417313282024944971test-file
run: Could not open file ./itw-server9417313282024944971test-file
run: Received unknown request type Accept-Encoding:
run: Received unknown request type Host:
run: Received unknown request type Connection:
run: Received unknown request type User-Agent:
run: Getting- HEAD: /itw-server9417313282024944971test-file
run: Could not open file ./itw-server9417313282024944971test-file
run: Received unknown request type Accept-Encoding:
run: Received unknown request type Host:
run: Received unknown request type Connection:
run: Received unknown request type User-Agent:
run: Getting- GET: /itw-server9417313282024944971test-file
run: Could not open file ./itw-server9417313282024944971test-file
run: Received unknown request type Accept-Encoding:
run: Received unknown request type Host:
run: Received unknown request type Connection:
run: Received unknown request type User-Agent:
run: Getting- GET: /itw-server9417313282024944971test-file
run: Could not open file ./itw-server9417313282024944971test-file
run: Received unknown request type Accept-Encoding:
run: Received unknown request type Host:
run: Received unknown request type Connection:
run: Received unknown request type User-Agent:
run: Getting- HEAD: /itw-server9417313282024944971test-file-2.0?version-id=1.0
run: Could not open file ./itw-server9417313282024944971test-file-2.0
run: Received unknown request type Accept-Encoding:
run: Received unknown request type Host:
run: Received unknown request type Connection:
run: Received unknown request type User-Agent:
run: Getting- HEAD: /itw-server9417313282024944971test-file-2.0
run: Could not open file ./itw-server9417313282024944971test-file-2.0
run: Received unknown request type Accept-Encoding:
run: Received unknown request type Host:
run: Received unknown request type Connection:
run: Received unknown request type User-Agent:
run: Getting- GET: /itw-server9417313282024944971test-file-2.0?version-id=1.0
run: Could not open file ./itw-server9417313282024944971test-file-2.0
run: Received unknown request type Accept-Encoding:
run: Received unknown request type Host:
run: Received unknown request type Connection:
run: Received unknown request type User-Agent:
run: Getting- GET: /itw-server9417313282024944971test-file-2.0
run: Could not open file ./itw-server9417313282024944971test-file-2.0
run: Received unknown request type Accept-Encoding:
run: Received unknown request type Host:
run: Received unknown request type Connection:
run: Received unknown request type User-Agent:
run: Received HEAD request but not supported
run: Received unknown request type Accept-Encoding:
run: Received unknown request type Host:
run: Received unknown request type Connection:
run: Received unknown request type User-Agent:
run: Received HEAD request but not supported
run: Received unknown request type Accept-Encoding:
run: Received unknown request type Host:
run: Received unknown request type Connection:
run: Received unknown request type User-Agent:
run: Getting- GET: /itw-server8150345791584570658test-file
run: Could not open file ./itw-server8150345791584570658test-file
run: Received unknown request type Accept-Encoding:
run: Received unknown request type Host:
run: Received unknown request type Connection:
run: Received unknown request type User-Agent:
run: Getting- GET: /itw-server8150345791584570658test-file
run: Could not open file ./itw-server8150345791584570658test-file
run: Received unknown request type Accept-Encoding:
run: Received unknown request type Host:
run: Received unknown request type Connection:
run: Received unknown request type User-Agent:
run: Received HEAD request but not supported
run: Received unknown request type Accept-Encoding:
run: Received unknown request type Host:
run: Received unknown request type Connection:
run: Received unknown request type User-Agent:
run: Received HEAD request but not supported
run: Received unknown request type Accept-Encoding:
run: Received unknown request type Host:
run: Received unknown request type Connection:
run: Received unknown request type User-Agent:
run: Getting- GET: /itw-server8150345791584570658test-file-2.0?version-id=1.0
run: Could not open file ./itw-server8150345791584570658test-file-2.0
run: Received unknown request type Accept-Encoding:
run: Received unknown request type Host:
run: Received unknown request type Connection:
run: Received unknown request type User-Agent:
run: Getting- GET: /itw-server8150345791584570658test-file-2.0
run: Could not open file ./itw-server8150345791584570658test-file-2.0
run: Received unknown request type Accept-Encoding:
run: Received unknown request type Host:
run: Received unknown request type Connection:
run: Received unknown request type User-Agent:
invoke: 
Finding best URL for: http://localhost:42585/itw-server9417313282024944971test-file : DownloadOptions[use pack: false; use version: false]
SLF4J: Failed to load class "org.slf4j.impl.StaticLoggerBinder".
SLF4J: Defaulting to no-operation (NOP) logger implementation
SLF4J: See http://www.slf4j.org/codes.html#StaticLoggerBinder for further details.
All possible urls for location=http://localhost:42585/itw-server9417313282024944971test-file state=<> : [http://localhost:42585/itw-server9417313282024944971test-file, http://localhost:42585/itw-server9417313282024944971test-file]
Key : Content-Length ,Value : [0]
Key : Content-Type ,Value : [text/html]
best url for location=http://localhost:42585/itw-server9417313282024944971test-file state=<> is http://localhost:42585/itw-server9417313282024944971test-file by HEAD
Finding best URL for: http://localhost:42585/itw-server9417313282024944971test-file-2.0 : DownloadOptions[use pack: false; use version: false]
All possible urls for location=http://localhost:42585/itw-server9417313282024944971test-file-2.0 state=<> : [http://localhost:42585/itw-server9417313282024944971test-file-2.0?version-id=1.0, http://localhost:42585/itw-server9417313282024944971test-file-2.0]
Key : Content-Length ,Value : [0]
Key : Content-Type ,Value : [text/html]
best url for location=http://localhost:42585/itw-server9417313282024944971test-file-2.0 state=<> is http://localhost:42585/itw-server9417313282024944971test-file-2.0?version-id=1.0 by HEAD
Finding best URL for: http://localhost:42763/itw-server8150345791584570658test-file : DownloadOptions[use pack: false; use version: false]
All possible urls for location=http://localhost:42763/itw-server8150345791584570658test-file state=<> : [http://localhost:42763/itw-server8150345791584570658test-file, http://localhost:42763/itw-server8150345791584570658test-file]
For location=http://localhost:42763/itw-server8150345791584570658test-file state=<> the server returned 501 code for HEAD request for http://localhost:42763/itw-server8150345791584570658test-file
For location=http://localhost:42763/itw-server8150345791584570658test-file state=<> the server returned 501 code for HEAD request for http://localhost:42763/itw-server8150345791584570658test-file
Key : Content-Length ,Value : [0]
Key : Content-Type ,Value : [text/html]
best url for location=http://localhost:42763/itw-server8150345791584570658test-file state=<> is http://localhost:42763/itw-server8150345791584570658test-file by GET
Finding best URL for: http://localhost:42763/itw-server8150345791584570658test-file-2.0 : DownloadOptions[use pack: false; use version: false]
All possible urls for location=http://localhost:42763/itw-server8150345791584570658test-file-2.0 state=<> : [http://localhost:42763/itw-server8150345791584570658test-file-2.0?version-id=1.0, http://localhost:42763/itw-server8150345791584570658test-file-2.0]
For location=http://localhost:42763/itw-server8150345791584570658test-file-2.0 state=<> the server returned 501 code for HEAD request for http://localhost:42763/itw-server8150345791584570658test-file-2.0?version-id=1.0
For location=http://localhost:42763/itw-server8150345791584570658test-file-2.0 state=<> the server returned 501 code for HEAD request for http://localhost:42763/itw-server8150345791584570658test-file-2.0
Key : Content-Length ,Value : [0]
Key : Content-Type ,Value : [text/html]
best url for location=http://localhost:42763/itw-server8150345791584570658test-file-2.0 state=<> is http://localhost:42763/itw-server8150345791584570658test-file-2.0?version-id=1.0 by GET
Finding best URL for: http://localhost:42585/itw-server9417313282024944971test-file : DownloadOptions[use pack: false; use version: false]
All possible urls for location=http://localhost:42585/itw-server9417313282024944971test-file state=<> : [http://localhost:42585/itw-server9417313282024944971test-file, http://localhost:42585/itw-server9417313282024944971test-file]
For location=http://localhost:42585/itw-server9417313282024944971test-file state=<> the server returned 404 code for HEAD request for http://localhost:42585/itw-server9417313282024944971test-file
For location=http://localhost:42585/itw-server9417313282024944971test-file state=<> the server returned 404 code for HEAD request for http://localhost:42585/itw-server9417313282024944971test-file
For location=http://localhost:42585/itw-server9417313282024944971test-file state=<> the server returned 404 code for GET request for http://localhost:42585/itw-server9417313282024944971test-file
For location=http://localhost:42585/itw-server9417313282024944971test-file state=<> the server returned 404 code for GET request for http://localhost:42585/itw-server9417313282024944971test-file
Finding best URL for: http://localhost:42585/itw-server9417313282024944971test-file-2.0 : DownloadOptions[use pack: false; use version: false]
All possible urls for location=http://localhost:42585/itw-server9417313282024944971test-file-2.0 state=<> : [http://localhost:42585/itw-server9417313282024944971test-file-2.0?version-id=1.0, http://localhost:42585/itw-server9417313282024944971test-file-2.0]
Key : Content-Length ,Value : [0]
Key : Content-Type ,Value : [text/html]
best url for location=http://localhost:42585/itw-server9417313282024944971test-file-2.0 state=<> is http://localhost:42585/itw-server9417313282024944971test-file-2.0?version-id=1.0 by HEAD
Finding best URL for: http://localhost:42763/itw-server8150345791584570658test-file : DownloadOptions[use pack: false; use version: false]
All possible urls for location=http://localhost:42763/itw-server8150345791584570658test-file state=<> : [http://localhost:42763/itw-server8150345791584570658test-file, http://localhost:42763/itw-server8150345791584570658test-file]
For location=http://localhost:42763/itw-server8150345791584570658test-file state=<> the server returned 501 code for HEAD request for http://localhost:42763/itw-server8150345791584570658test-file
For location=http://localhost:42763/itw-server8150345791584570658test-file state=<> the server returned 501 code for HEAD request for http://localhost:42763/itw-server8150345791584570658test-file
Key : Content-Length ,Value : [0]
Key : Content-Type ,Value : [text/html]
best url for location=http://localhost:42763/itw-server8150345791584570658test-file state=<> is http://localhost:42763/itw-server8150345791584570658test-file by GET
Finding best URL for: http://localhost:42763/itw-server8150345791584570658test-file-2.0 : DownloadOptions[use pack: false; use version: false]
All possible urls for location=http://localhost:42763/itw-server8150345791584570658test-file-2.0 state=<> : [http://localhost:42763/itw-server8150345791584570658test-file-2.0?version-id=1.0, http://localhost:42763/itw-server8150345791584570658test-file-2.0]
For location=http://localhost:42763/itw-server8150345791584570658test-file-2.0 state=<> the server returned 501 code for HEAD request for http://localhost:42763/itw-server8150345791584570658test-file-2.0?version-id=1.0
For location=http://localhost:42763/itw-server8150345791584570658test-file-2.0 state=<> the server returned 501 code for HEAD request for http://localhost:42763/itw-server8150345791584570658test-file-2.0
Key : Content-Length ,Value : [0]
Key : Content-Type ,Value : [text/html]
best url for location=http://localhost:42763/itw-server8150345791584570658test-file-2.0 state=<> is http://localhost:42763/itw-server8150345791584570658test-file-2.0?version-id=1.0 by GET
Finding best URL for: http://localhost:42585/itw-server9417313282024944971test-file : DownloadOptions[use pack: false; use version: false]
All possible urls for location=http://localhost:42585/itw-server9417313282024944971test-file state=<> : [http://localhost:42585/itw-server9417313282024944971test-file, http://localhost:42585/itw-server9417313282024944971test-file]
For location=http://localhost:42585/itw-server9417313282024944971test-file state=<> the server returned 404 code for HEAD request for http://localhost:42585/itw-server9417313282024944971test-file
For location=http://localhost:42585/itw-server9417313282024944971test-file state=<> the server returned 404 code for HEAD request for http://localhost:42585/itw-server9417313282024944971test-file
For location=http://localhost:42585/itw-server9417313282024944971test-file state=<> the server returned 404 code for GET request for http://localhost:42585/itw-server9417313282024944971test-file
For location=http://localhost:42585/itw-server9417313282024944971test-file state=<> the server returned 404 code for GET request for http://localhost:42585/itw-server9417313282024944971test-file
Finding best URL for: http://localhost:42585/itw-server9417313282024944971test-file-2.0 : DownloadOptions[use pack: false; use version: false]
All possible urls for location=http://localhost:42585/itw-server9417313282024944971test-file-2.0 state=<> : [http://localhost:42585/itw-server9417313282024944971test-file-2.0?version-id=1.0, http://localhost:42585/itw-server9417313282024944971test-file-2.0]
For location=http://localhost:42585/itw-server9417313282024944971test-file-2.0 state=<> the server returned 404 code for HEAD request for http://localhost:42585/itw-server9417313282024944971test-file-2.0?version-id=1.0
For location=http://localhost:42585/itw-server9417313282024944971test-file-2.0 state=<> the server returned 404 code for HEAD request for http://localhost:42585/itw-server9417313282024944971test-file-2.0
For location=http://localhost:42585/itw-server9417313282024944971test-file-2.0 state=<> the server returned 404 code for GET request for http://localhost:42585/itw-server9417313282024944971test-file-2.0?version-id=1.0
For location=http://localhost:42585/itw-server9417313282024944971test-file-2.0 state=<> the server returned 404 code for GET request for http://localhost:42585/itw-server9417313282024944971test-file-2.0
Finding best URL for: http://localhost:42763/itw-server8150345791584570658test-file : DownloadOptions[use pack: false; use version: false]
All possible urls for location=http://localhost:42763/itw-server8150345791584570658test-file state=<> : [http://localhost:42763/itw-server8150345791584570658test-file, http://localhost:42763/itw-server8150345791584570658test-file]
For location=http://localhost:42763/itw-server8150345791584570658test-file state=<> the server returned 501 code for HEAD request for http://localhost:42763/itw-server8150345791584570658test-file
For location=http://localhost:42763/itw-server8150345791584570658test-file state=<> the server returned 501 code for HEAD request for http://localhost:42763/itw-server8150345791584570658test-file
Key : Content-Length ,Value : [0]
Key : Content-Type ,Value : [text/html]
best url for location=http://localhost:42763/itw-server8150345791584570658test-file state=<> is http://localhost:42763/itw-server8150345791584570658test-file by GET
Finding best URL for: http://localhost:42763/itw-server8150345791584570658test-file-2.0 : DownloadOptions[use pack: false; use version: false]
All possible urls for location=http://localhost:42763/itw-server8150345791584570658test-file-2.0 state=<> : [http://localhost:42763/itw-server8150345791584570658test-file-2.0?version-id=1.0, http://localhost:42763/itw-server8150345791584570658test-file-2.0]
For location=http://localhost:42763/itw-server8150345791584570658test-file-2.0 state=<> the server returned 501 code for HEAD request for http://localhost:42763/itw-server8150345791584570658test-file-2.0?version-id=1.0
For location=http://localhost:42763/itw-server8150345791584570658test-file-2.0 state=<> the server returned 501 code for HEAD request for http://localhost:42763/itw-server8150345791584570658test-file-2.0
Key : Content-Length ,Value : [0]
Key : Content-Type ,Value : [text/html]
best url for location=http://localhost:42763/itw-server8150345791584570658test-file-2.0 state=<> is http://localhost:42763/itw-server8150345791584570658test-file-2.0?version-id=1.0 by GET
Finding best URL for: http://localhost:42585/itw-server9417313282024944971test-file : DownloadOptions[use pack: false; use version: false]
All possible urls for location=http://localhost:42585/itw-server9417313282024944971test-file state=<> : [http://localhost:42585/itw-server9417313282024944971test-file, http://localhost:42585/itw-server9417313282024944971test-file]
For location=http://localhost:42585/itw-server9417313282024944971test-file state=<> the server returned 404 code for HEAD request for http://localhost:42585/itw-server9417313282024944971test-file
For location=http://localhost:42585/itw-server9417313282024944971test-file state=<> the server returned 404 code for HEAD request for http://localhost:42585/itw-server9417313282024944971test-file
For location=http://localhost:42585/itw-server9417313282024944971test-file state=<> the server returned 404 code for GET request for http://localhost:42585/itw-server9417313282024944971test-file
For location=http://localhost:42585/itw-server9417313282024944971test-file state=<> the server returned 404 code for GET request for http://localhost:42585/itw-server9417313282024944971test-file
Finding best URL for: http://localhost:42585/itw-server9417313282024944971test-file-2.0 : DownloadOptions[use pack: false; use version: false]
All possible urls for location=http://localhost:42585/itw-server9417313282024944971test-file-2.0 state=<> : [http://localhost:42585/itw-server9417313282024944971test-file-2.0?version-id=1.0, http://localhost:42585/itw-server9417313282024944971test-file-2.0]
For location=http://localhost:42585/itw-server9417313282024944971test-file-2.0 state=<> the server returned 404 code for HEAD request for http://localhost:42585/itw-server9417313282024944971test-file-2.0?version-id=1.0
For location=http://localhost:42585/itw-server9417313282024944971test-file-2.0 state=<> the server returned 404 code for HEAD request for http://localhost:42585/itw-server9417313282024944971test-file-2.0
For location=http://localhost:42585/itw-server9417313282024944971test-file-2.0 state=<> the server returned 404 code for GET request for http://localhost:42585/itw-server9417313282024944971test-file-2.0?version-id=1.0
For location=http://localhost:42585/itw-server9417313282024944971test-file-2.0 state=<> the server returned 404 code for GET request for http://localhost:42585/itw-server9417313282024944971test-file-2.0
Finding best URL for: http://localhost:42763/itw-server8150345791584570658test-file : DownloadOptions[use pack: false; use version: false]
All possible urls for location=http://localhost:42763/itw-server8150345791584570658test-file state=<> : [http://localhost:42763/itw-server8150345791584570658test-file, http://localhost:42763/itw-server8150345791584570658test-file]
For location=http://localhost:42763/itw-server8150345791584570658test-file state=<> the server returned 501 code for HEAD request for http://localhost:42763/itw-server8150345791584570658test-file
For location=http://localhost:42763/itw-server8150345791584570658test-file state=<> the server returned 501 code for HEAD request for http://localhost:42763/itw-server8150345791584570658test-file
Key : Content-Length ,Value : [0]
Key : Content-Type ,Value : [text/html]
best url for location=http://localhost:42763/itw-server8150345791584570658test-file state=<> is http://localhost:42763/itw-server8150345791584570658test-file by GET
Finding best URL for: http://localhost:42763/itw-server8150345791584570658test-file-2.0 : DownloadOptions[use pack: false; use version: false]
All possible urls for location=http://localhost:42763/itw-server8150345791584570658test-file-2.0 state=<> : [http://localhost:42763/itw-server8150345791584570658test-file-2.0?version-id=1.0, http://localhost:42763/itw-server8150345791584570658test-file-2.0]
For location=http://localhost:42763/itw-server8150345791584570658test-file-2.0 state=<> the server returned 501 code for HEAD request for http://localhost:42763/itw-server8150345791584570658test-file-2.0?version-id=1.0
For location=http://localhost:42763/itw-server8150345791584570658test-file-2.0 state=<> the server returned 501 code for HEAD request for http://localhost:42763/itw-server8150345791584570658test-file-2.0
For location=http://localhost:42763/itw-server8150345791584570658test-file-2.0 state=<> the server returned 404 code for GET request for http://localhost:42763/itw-server8150345791584570658test-file-2.0?version-id=1.0
For location=http://localhost:42763/itw-server8150345791584570658test-file-2.0 state=<> the server returned 404 code for GET request for http://localhost:42763/itw-server8150345791584570658test-file-2.0
Finding best URL for: http://localhost:42585/itw-server9417313282024944971test-file : DownloadOptions[use pack: false; use version: false]
All possible urls for location=http://localhost:42585/itw-server9417313282024944971test-file state=<> : [http://localhost:42585/itw-server9417313282024944971test-file, http://localhost:42585/itw-server9417313282024944971test-file]
For location=http://localhost:42585/itw-server9417313282024944971test-file state=<> the server returned 404 code for HEAD request for http://localhost:42585/itw-server9417313282024944971test-file
For location=http://localhost:42585/itw-server9417313282024944971test-file state=<> the server returned 404 code for HEAD request for http://localhost:42585/itw-server9417313282024944971test-file
For location=http://localhost:42585/itw-server9417313282024944971test-file state=<> the server returned 404 code for GET request for http://localhost:42585/itw-server9417313282024944971test-file
For location=http://localhost:42585/itw-server9417313282024944971test-file state=<> the server returned 404 code for GET request for http://localhost:42585/itw-server9417313282024944971test-file
Finding best URL for: http://localhost:42585/itw-server9417313282024944971test-file-2.0 : DownloadOptions[use pack: false; use version: false]
All possible urls for location=http://localhost:42585/itw-server9417313282024944971test-file-2.0 state=<> : [http://localhost:42585/itw-server9417313282024944971test-file-2.0?version-id=1.0, http://localhost:42585/itw-server9417313282024944971test-file-2.0]
For location=http://localhost:42585/itw-server9417313282024944971test-file-2.0 state=<> the server returned 404 code for HEAD request for http://localhost:42585/itw-server9417313282024944971test-file-2.0?version-id=1.0
For location=http://localhost:42585/itw-server9417313282024944971test-file-2.0 state=<> the server returned 404 code for HEAD request for http://localhost:42585/itw-server9417313282024944971test-file-2.0
For location=http://localhost:42585/itw-server9417313282024944971test-file-2.0 state=<> the server returned 404 code for GET request for http://localhost:42585/itw-server9417313282024944971test-file-2.0?version-id=1.0
For location=http://localhost:42585/itw-server9417313282024944971test-file-2.0 state=<> the server returned 404 code for GET request for http://localhost:42585/itw-server9417313282024944971test-file-2.0
Finding best URL for: http://localhost:42763/itw-server8150345791584570658test-file : DownloadOptions[use pack: false; use version: false]
All possible urls for location=http://localhost:42763/itw-server8150345791584570658test-file state=<> : [http://localhost:42763/itw-server8150345791584570658test-file, http://localhost:42763/itw-server8150345791584570658test-file]
For location=http://localhost:42763/itw-server8150345791584570658test-file state=<> the server returned 501 code for HEAD request for http://localhost:42763/itw-server8150345791584570658test-file
For location=http://localhost:42763/itw-server8150345791584570658test-file state=<> the server returned 501 code for HEAD request for http://localhost:42763/itw-server8150345791584570658test-file
For location=http://localhost:42763/itw-server8150345791584570658test-file state=<> the server returned 404 code for GET request for http://localhost:42763/itw-server8150345791584570658test-file
For location=http://localhost:42763/itw-server8150345791584570658test-file state=<> the server returned 404 code for GET request for http://localhost:42763/itw-server8150345791584570658test-file
Finding best URL for: http://localhost:42763/itw-server8150345791584570658test-file-2.0 : DownloadOptions[use pack: false; use version: false]
All possible urls for location=http://localhost:42763/itw-server8150345791584570658test-file-2.0 state=<> : [http://localhost:42763/itw-server8150345791584570658test-file-2.0?version-id=1.0, http://localhost:42763/itw-server8150345791584570658test-file-2.0]
For location=http://localhost:42763/itw-server8150345791584570658test-file-2.0 state=<> the server returned 501 code for HEAD request for http://localhost:42763/itw-server8150345791584570658test-file-2.0?version-id=1.0
For location=http://localhost:42763/itw-server8150345791584570658test-file-2.0 state=<> the server returned 501 code for HEAD request for http://localhost:42763/itw-server8150345791584570658test-file-2.0
For location=http://localhost:42763/itw-server8150345791584570658test-file-2.0 state=<> the server returned 404 code for GET request for http://localhost:42763/itw-server8150345791584570658test-file-2.0?version-id=1.0

invoke ---
run: Received HEAD request but not supported
run: Received unknown request type Accept-Encoding:
run: Received unknown request type Host:
run: Received unknown request type Connection:
run: Received unknown request type User-Agent:
run: Received HEAD request but not supported
run: Received unknown request type Accept-Encoding:
run: Received unknown request type Host:
run: Received unknown request type Connection:
run: Received unknown request type User-Agent:
invoke: 
run: Getting- GET: /itw-server583413854254098026test-file
run: Serving- GET: ./itw-server583413854254098026test-file
run: Received unknown request type Accept-Encoding:
run: Received unknown request type Host:
run: Received unknown request type Connection:
run: Received unknown request type User-Agent:
run: Getting- GET: /itw-server583413854254098026test-file
run: Could not open file ./itw-server583413854254098026test-file
run: Received unknown request type Accept-Encoding:
run: Received unknown request type Host:
run: Received unknown request type Connection:
run: Received unknown request type User-Agent:
invoke: 
Key : Content-Length ,Value : [0]
Key : Content-Type ,Value : [text/html]

invoke ---
invoke: 
run: Getting- GET: /version-miss.jar
run: Serving- GET: ./version-miss.jar
run: Received unknown request type Accept-Encoding:
run: Received unknown request type Host:
run: Received unknown request type Connection:
run: Received unknown request type User-Agent:
run: Getting- GET: /version-miss.jar
run: Serving- GET: ./version-miss.jar
run: Received unknown request type Accept-Encoding:
run: Received unknown request type Host:
run: Received unknown request type Connection:
run: Received unknown request type User-Agent:
run: Getting- GET: /version-miss.jar
run: Serving- GET: ./version-miss.jar
run: Received unknown request type Accept-Encoding:
run: Received unknown request type Host:
run: Received unknown request type Connection:
run: Received unknown request type User-Agent:
run: Getting- GET: /version-miss.jar
run: Serving- GET: ./version-miss.jar
run: Received unknown request type Accept-Encoding:
run: Received unknown request type Host:
run: Received unknown request type Connection:
run: Received unknown request type User-Agent:
run: Getting- GET: /version-miss.jar
run: Serving- GET: ./version-miss.jar
run: Received unknown request type Accept-Encoding:
run: Received unknown request type Host:
run: Received unknown request type Connection:
run: Received unknown request type User-Agent:
run: Getting- GET: /version-miss.jar
run: Serving- GET: ./version-miss.jar
run: Received unknown request type Accept-Encoding:
run: Received unknown request type Host:
run: Received unknown request type Connection:
run: Received unknown request type User-Agent:
run: Getting- HEAD: /itw-server1806757850864048768test-file
run: Serving- HEAD: ./itw-server1806757850864048768test-file
run: Received unknown request type Accept-Encoding:
run: Received unknown request type Host:
run: Received unknown request type Connection:
run: Received unknown request type User-Agent:
run: Getting- HEAD: /itw-server1806757850864048768test-file
run: Could not open file ./itw-server1806757850864048768test-file
run: Received unknown request type Accept-Encoding:
run: Received unknown request type Host:
run: Received unknown request type Connection:
run: Received unknown request type User-Agent:
invoke: 
Key : Content-Length ,Value : [0]
Key : Content-Type ,Value : [text/html]

invoke ---
run: Getting- GET: /notexistingfile
run: Could not open file ./notexistingfile
run: Received unknown request type Accept-Encoding:
run: Received unknown request type Host:
run: Received unknown request type Connection:
run: Received unknown request type User-Agent:
run: Getting- GET: /notexistingfile
run: Could not open file ./notexistingfile
run: Received unknown request type Accept-Encoding:
run: Received unknown request type Host:
run: Received unknown request type Connection:
run: Received unknown request type User-Agent:
run: Getting- GET: /itw-server12577809368600864070test-file
run: Serving- GET: ./itw-server12577809368600864070test-file
run: Received unknown request type Accept-Encoding:
run: Received unknown request type Host:
run: Received unknown request type Connection:
run: Received unknown request type User-Agent:
run: Getting- GET: /itw-server12577809368600864070test-file
run: Could not open file ./itw-server12577809368600864070test-file
run: Received unknown request type Accept-Encoding:
run: Received unknown request type Host:
run: Received unknown request type Connection:
run: Received unknown request type User-Agent:
invoke: 
Key : Content-Length ,Value : [0]
Key : Content-Type ,Value : [text/html]

invoke ---
invoke: 
Key : Content-Length ,Value : [0]
Key : Content-Type ,Value : [text/html]

invoke ---
run: 
java.net.SocketException: Socket closed
	at java.base/sun.nio.ch.NioSocketImpl.endAccept(NioSocketImpl.java:694)
	at java.base/sun.nio.ch.NioSocketImpl.accept(NioSocketImpl.java:767)
	at java.base/java.net.ServerSocket.implAccept(ServerSocket.java:675)
	at java.base/java.net.ServerSocket.platformImplAccept(ServerSocket.java:641)
	at java.base/java.net.ServerSocket.implAccept(ServerSocket.java:617)
	at java.base/java.net.ServerSocket.implAccept(ServerSocket.java:574)
	at java.base/java.net.ServerSocket.accept(ServerSocket.java:532)
	at net.sourceforge.jnlp.ServerLauncher.run(ServerLauncher.java:168)
	at java.base/java.lang.Thread.run(Thread.java:840)

run ---
run: 
java.net.SocketException: Socket closed
	at java.base/sun.nio.ch.NioSocketImpl.endAccept(NioSocketImpl.java:694)
	at java.base/sun.nio.ch.NioSocketImpl.accept(NioSocketImpl.java:767)
	at java.base/java.net.ServerSocket.implAccept(ServerSocket.java:675)
	at java.base/java.net.ServerSocket.platformImplAccept(ServerSocket.java:641)
	at java.base/java.net.ServerSocket.implAccept(ServerSocket.java:617)
	at java.base/java.net.ServerSocket.implAccept(ServerSocket.java:574)
	at java.base/java.net.ServerSocket.accept(ServerSocket.java:532)
	at net.sourceforge.jnlp.ServerLauncher.run(ServerLauncher.java:168)
	at java.base/java.lang.Thread.run(Thread.java:840)

run ---
run: 
java.net.SocketException: Socket closed
	at java.base/sun.nio.ch.NioSocketImpl.endAccept(NioSocketImpl.java:694)
	at java.base/sun.nio.ch.NioSocketImpl.accept(NioSocketImpl.java:767)
	at java.base/java.net.ServerSocket.implAccept(ServerSocket.java:675)
	at java.base/java.net.ServerSocket.platformImplAccept(ServerSocket.java:641)
	at java.base/java.net.ServerSocket.implAccept(ServerSocket.java:617)
	at java.base/java.net.ServerSocket.implAccept(ServerSocket.java:574)
	at java.base/java.net.ServerSocket.accept(ServerSocket.java:532)
	at net.sourceforge.jnlp.ServerLauncher.run(ServerLauncher.java:168)
	at java.base/java.lang.Thread.run(Thread.java:840)

run ---
run: Getting- GET: /sonata-rda-launcher.jar
run: Serving- GET: ./sonata-rda-launcher.jar
run: Received unknown request type Accept-Encoding:
run: Received unknown request type Host:
run: Received unknown request type Connection:
run: Received unknown request type User-Agent:
run: 
java.net.SocketException: Socket closed
	at java.base/sun.nio.ch.NioSocketImpl.endAccept(NioSocketImpl.java:694)
	at java.base/sun.nio.ch.NioSocketImpl.accept(NioSocketImpl.java:767)
	at java.base/java.net.ServerSocket.implAccept(ServerSocket.java:675)
	at java.base/java.net.ServerSocket.platformImplAccept(ServerSocket.java:641)
	at java.base/java.net.ServerSocket.implAccept(ServerSocket.java:617)
	at java.base/java.net.ServerSocket.implAccept(ServerSocket.java:574)
	at java.base/java.net.ServerSocket.accept(ServerSocket.java:532)
	at net.sourceforge.jnlp.ServerLauncher.run(ServerLauncher.java:168)
	at java.base/java.lang.Thread.run(Thread.java:840)

run ---
run: 
java.net.SocketException: Socket closed
	at java.base/sun.nio.ch.NioSocketImpl.endAccept(NioSocketImpl.java:694)
	at java.base/sun.nio.ch.NioSocketImpl.accept(NioSocketImpl.java:767)
	at java.base/java.net.ServerSocket.implAccept(ServerSocket.java:675)
	at java.base/java.net.ServerSocket.platformImplAccept(ServerSocket.java:641)
	at java.base/java.net.ServerSocket.implAccept(ServerSocket.java:617)
	at java.base/java.net.ServerSocket.implAccept(ServerSocket.java:574)
	at java.base/java.net.ServerSocket.accept(ServerSocket.java:532)
	at net.sourceforge.jnlp.ServerLauncher.run(ServerLauncher.java:168)
	at java.base/java.lang.Thread.run(Thread.java:840)

run ---
run: Getting- GET: /recover-downloaded.jar
run: Serving- GET: ./recover-downloaded.jar
run: Received unknown request type Accept-Encoding:
run: Received unknown request type Host:
run: Received unknown request type Connection:
run: Received unknown request type User-Agent:
run: 
java.net.SocketException: Socket closed
	at java.base/sun.nio.ch.NioSocketImpl.endAccept(NioSocketImpl.java:694)
	at java.base/sun.nio.ch.NioSocketImpl.accept(NioSocketImpl.java:767)
	at java.base/java.net.ServerSocket.implAccept(ServerSocket.java:675)
	at java.base/java.net.ServerSocket.platformImplAccept(ServerSocket.java:641)
	at java.base/java.net.ServerSocket.implAccept(ServerSocket.java:617)
	at java.base/java.net.ServerSocket.implAccept(ServerSocket.java:574)
	at java.base/java.net.ServerSocket.accept(ServerSocket.java:532)
	at net.sourceforge.jnlp.ServerLauncher.run(ServerLauncher.java:168)
	at java.base/java.lang.Thread.run(Thread.java:840)

run ---
run: Getting- GET: /recover-error.jar
run: Serving- GET: ./recover-error.jar
run: Received unknown request type Accept-Encoding:
run: Received unknown request type Host:
run: Received unknown request type Connection:
run: Received unknown request type User-Agent:
run: 
java.net.SocketException: Socket closed
	at java.base/sun.nio.ch.NioSocketImpl.endAccept(NioSocketImpl.java:694)
	at java.base/sun.nio.ch.NioSocketImpl.accept(NioSocketImpl.java:767)
	at java.base/java.net.ServerSocket.implAccept(ServerSocket.java:675)
	at java.base/java.net.ServerSocket.platformImplAccept(ServerSocket.java:641)
	at java.base/java.net.ServerSocket.implAccept(ServerSocket.java:617)
	at java.base/java.net.ServerSocket.implAccept(ServerSocket.java:574)
	at java.base/java.net.ServerSocket.accept(ServerSocket.java:532)
	at net.sourceforge.jnlp.ServerLauncher.run(ServerLauncher.java:168)
	at java.base/java.lang.Thread.run(Thread.java:840)

run ---
