invoke: 
port: 36157
dir: /tmp/itw-down

invoke ---
invoke: 
port: 36157
dir: /tmp/itw-down

invoke ---
run: 
java.net.SocketException: Socket closed
	at java.base/sun.nio.ch.NioSocketImpl.endAccept(NioSocketImpl.java:694)
	at java.base/sun.nio.ch.NioSocketImpl.accept(NioSocketImpl.java:767)
	at java.base/java.net.ServerSocket.implAccept(ServerSocket.java:675)
	at java.base/java.net.ServerSocket.platformImplAccept(ServerSocket.java:641)
	at java.base/java.net.ServerSocket.implAccept(ServerSocket.java:617)
	at java.base/java.net.ServerSocket.implAccept(ServerSocket.java:574)
	at java.base/java.net.ServerSocket.accept(ServerSocket.java:532)
	at net.sourceforge.jnlp.ServerLauncher.run(ServerLauncher.java:168)
	at java.base/java.lang.Thread.run(Thread.java:840)

run ---
